alarm 001
error 404
add 3-rd line
last update
